FFFFFFFF..F.                                                             [100%]
================================== FAILURES ===================================
_ test_loss_during_failed_position_decision_is_closed_in_same_step[low_confidence] _
tests\test_jev_audit_20260926.py:35: in test_loss_during_failed_position_decision_is_closed_in_same_step
    assert not b.simulator.positions, "Fresh 20% loss remains open after the failed model decision"
E   AssertionError: Fresh 20% loss remains open after the failed model decision
E   assert not {'9818dfbf': {'position_id': '9818dfbf', 'symbol': 'SOL_TRY', 'entry_price': 100.1, 'current_price': 100.0, ...}}
E    +  where {'9818dfbf': {'position_id': '9818dfbf', 'symbol': 'SOL_TRY', 'entry_price': 100.1, 'current_price': 100.0, ...}} = <core.simulator.SimulatorEngine object at 0x000001FAC9CD5480>.positions
E    +    where <core.simulator.SimulatorEngine object at 0x000001FAC9CD5480> = <bot.BinanceTrBot object at 0x000001FAC9CD5450>.simulator
__ test_loss_during_failed_position_decision_is_closed_in_same_step[timeout] __
tests\test_jev_audit_20260926.py:35: in test_loss_during_failed_position_decision_is_closed_in_same_step
    assert not b.simulator.positions, "Fresh 20% loss remains open after the failed model decision"
E   AssertionError: Fresh 20% loss remains open after the failed model decision
E   assert not {'7c1ce866': {'position_id': '7c1ce866', 'symbol': 'SOL_TRY', 'entry_price': 100.1, 'current_price': 100.0, ...}}
E    +  where {'7c1ce866': {'position_id': '7c1ce866', 'symbol': 'SOL_TRY', 'entry_price': 100.1, 'current_price': 100.0, ...}} = <core.simulator.SimulatorEngine object at 0x000001FAC9D5A440>.positions
E    +    where <core.simulator.SimulatorEngine object at 0x000001FAC9D5A440> = <bot.BinanceTrBot object at 0x000001FAC9D5A3E0>.simulator
__ test_loss_during_failed_position_decision_is_closed_in_same_step[invalid] __
tests\test_jev_audit_20260926.py:35: in test_loss_during_failed_position_decision_is_closed_in_same_step
    assert not b.simulator.positions, "Fresh 20% loss remains open after the failed model decision"
E   AssertionError: Fresh 20% loss remains open after the failed model decision
E   assert not {'468dfba8': {'position_id': '468dfba8', 'symbol': 'SOL_TRY', 'entry_price': 100.1, 'current_price': 100.0, ...}}
E    +  where {'468dfba8': {'position_id': '468dfba8', 'symbol': 'SOL_TRY', 'entry_price': 100.1, 'current_price': 100.0, ...}} = <core.simulator.SimulatorEngine object at 0x000001FAC9CD5AB0>.positions
E    +    where <core.simulator.SimulatorEngine object at 0x000001FAC9CD5AB0> = <bot.BinanceTrBot object at 0x000001FAC9CD7AC0>.simulator
__ test_loss_during_failed_position_decision_is_closed_in_same_step[expired] __
tests\test_jev_audit_20260926.py:35: in test_loss_during_failed_position_decision_is_closed_in_same_step
    assert not b.simulator.positions, "Fresh 20% loss remains open after the failed model decision"
E   AssertionError: Fresh 20% loss remains open after the failed model decision
E   assert not {'55a00539': {'position_id': '55a00539', 'symbol': 'SOL_TRY', 'entry_price': 100.1, 'current_price': 100.0, ...}}
E    +  where {'55a00539': {'position_id': '55a00539', 'symbol': 'SOL_TRY', 'entry_price': 100.1, 'current_price': 100.0, ...}} = <core.simulator.SimulatorEngine object at 0x000001FAC9E33670>.positions
E    +    where <core.simulator.SimulatorEngine object at 0x000001FAC9E33670> = <bot.BinanceTrBot object at 0x000001FAC9E335B0>.simulator
_____ test_expired_position_action_cannot_execute_after_slow_quote[SELL] ______
tests\test_jev_audit_20260926.py:71: in test_expired_position_action_cannot_execute_after_slow_quote
    assert not fills, f"Expired {action} was still applied"
E   AssertionError: Expired SELL was still applied
E   assert not [{'sequence': 31, 'run_id': 'accbefa0-82c5-445f-8f40-4c226f7c013c', 'decision_id': '638f4493-0770-4bfe-b2ba-976edc213de0', 'event_time': 1770000069.0, ...}]
_ test_expired_position_action_cannot_execute_after_slow_quote[SELL_PARTIAL] __
tests\test_jev_audit_20260926.py:71: in test_expired_position_action_cannot_execute_after_slow_quote
    assert not fills, f"Expired {action} was still applied"
E   AssertionError: Expired SELL_PARTIAL was still applied
E   assert not [{'sequence': 31, 'run_id': '81eefae5-92f8-4687-954b-09b46146e6bd', 'decision_id': '6b52b4f1-052a-4bc2-aa74-3dae2114d5ab', 'event_time': 1770000069.0, ...}]
___ test_expired_position_action_cannot_execute_after_slow_quote[ROLLOVER] ____
tests\test_jev_audit_20260926.py:71: in test_expired_position_action_cannot_execute_after_slow_quote
    assert not fills, f"Expired {action} was still applied"
E   AssertionError: Expired ROLLOVER was still applied
E   assert not [{'sequence': 29, 'run_id': 'c86686fa-1f1a-4b2d-9bbf-8468d5134946', 'decision_id': '67500a7a-924d-4138-8a4f-bbe001b1baa5', 'event_time': 1770000069.0, ...}]
__________ test_stale_portfolio_cannot_seed_equity_outcome_reference __________
tests\test_jev_audit_20260926.py:87: in test_stale_portfolio_cannot_seed_equity_outcome_reference
    assert labels and all(o["status"] == "no_reference" for o in labels)
E   AssertionError: assert ([{'decision_id': 'af06904b-f8d9-467f-806b-88de1a561547', 'name': 'portfolio_equity', 'horizon_seconds': 60, 'due_at': ...f06904b-f8d9-467f-806b-88de1a561547', 'name': 'portfolio_equity', 'horizon_seconds': 900, 'due_at': 1770000906.0, ...}] and False)
E    +  where False = all(<generator object test_stale_portfolio_cannot_seed_equity_outcome_reference.<locals>.<genexpr> at 0x000001FAC89E69D0>)
______ test_provider_does_not_start_retry_after_total_decision_deadline _______
tests\test_jev_audit_20260926.py:154: in test_provider_does_not_start_retry_after_total_decision_deadline
    assert all(t < cfg.max_decision_age_seconds for t in starts), starts
E   AssertionError: [0.0, 4.25, 8.75]
E   assert False
E    +  where False = all(<generator object test_provider_does_not_start_retry_after_total_decision_deadline.<locals>.<genexpr> at 0x000001FAC9DC8DD0>)
============================== warnings summary ===============================
tests/test_jev_audit_20260926.py::test_authenticated_web_lifecycle_with_paper_fills
  C:\Users\xxtra\OneDrive\Desktop\borsaprojesi\binancetrbot_jev_openrouter\binancetrbot-jev\.venv\lib\site-packages\fastapi\testclient.py:1: StarletteDeprecationWarning: Using `httpx` with `starlette.testclient` is deprecated; install `httpx2` instead.
    from starlette.testclient import TestClient as TestClient  # noqa

tests/test_jev_audit_20260926.py::test_authenticated_web_lifecycle_with_paper_fills
  C:\Users\xxtra\OneDrive\Desktop\borsaprojesi\binancetrbot_jev_openrouter\binancetrbot-jev\.venv\lib\site-packages\starlette\testclient.py:53: DeprecationWarning: The anyio.abc.BlockingPortal alias is deprecated, use anyio.from_thread.BlockingPortal instead.
    _PortalFactoryType = Callable[[], AbstractContextManager[anyio.abc.BlockingPortal]]

-- Docs: https://docs.pytest.org/en/stable/how-to/capture-warnings.html
=========================== short test summary info ===========================
FAILED tests/test_jev_audit_20260926.py::test_loss_during_failed_position_decision_is_closed_in_same_step[low_confidence]
FAILED tests/test_jev_audit_20260926.py::test_loss_during_failed_position_decision_is_closed_in_same_step[timeout]
FAILED tests/test_jev_audit_20260926.py::test_loss_during_failed_position_decision_is_closed_in_same_step[invalid]
FAILED tests/test_jev_audit_20260926.py::test_loss_during_failed_position_decision_is_closed_in_same_step[expired]
FAILED tests/test_jev_audit_20260926.py::test_expired_position_action_cannot_execute_after_slow_quote[SELL]
FAILED tests/test_jev_audit_20260926.py::test_expired_position_action_cannot_execute_after_slow_quote[SELL_PARTIAL]
FAILED tests/test_jev_audit_20260926.py::test_expired_position_action_cannot_execute_after_slow_quote[ROLLOVER]
FAILED tests/test_jev_audit_20260926.py::test_stale_portfolio_cannot_seed_equity_outcome_reference
FAILED tests/test_jev_audit_20260926.py::test_provider_does_not_start_retry_after_total_decision_deadline
9 failed, 3 passed, 2 warnings in 3.10s
