14:03:38 train items 37990 (dropped 0), calib 8990 (dropped 0), device cuda torch.bfloat16
14:03:38 sequence tokens: max 998, mean 873
14:03:38 trainable parameters 125.3M of 321.9M
14:04:51 epoch 1 batch 100/1819 soft-CE 1.7033 sigma 0.40 eta 42.9 min
14:06:06 epoch 1 batch 200/1819 soft-CE 1.6830 sigma 0.40 eta 42.3 min
14:07:24 epoch 1 batch 300/1819 soft-CE 1.7491 sigma 0.40 eta 41.9 min
14:08:44 epoch 1 batch 400/1819 soft-CE 1.7023 sigma 0.40 eta 41.3 min
14:10:06 epoch 1 batch 500/1819 soft-CE 1.7536 sigma 0.40 eta 40.6 min
14:11:27 epoch 1 batch 600/1819 soft-CE 1.7259 sigma 0.40 eta 39.5 min
14:12:46 epoch 1 batch 700/1819 soft-CE 1.7184 sigma 0.40 eta 38.3 min
14:14:02 epoch 1 batch 800/1819 soft-CE 1.6614 sigma 0.40 eta 36.9 min
14:15:18 epoch 1 batch 900/1819 soft-CE 1.7164 sigma 0.40 eta 35.5 min
14:16:33 epoch 1 batch 1000/1819 soft-CE 1.6991 sigma 0.40 eta 34.1 min
14:17:49 epoch 1 batch 1100/1819 soft-CE 1.7218 sigma 0.40 eta 32.7 min
14:19:06 epoch 1 batch 1200/1819 soft-CE 1.7382 sigma 0.40 eta 31.4 min
14:20:21 epoch 1 batch 1300/1819 soft-CE 1.6394 sigma 0.40 eta 30.1 min
14:21:36 epoch 1 batch 1400/1819 soft-CE 1.7347 sigma 0.40 eta 28.7 min
14:22:51 epoch 1 batch 1500/1819 soft-CE 1.7865 sigma 0.40 eta 27.4 min
14:24:06 epoch 1 batch 1600/1819 soft-CE 1.6682 sigma 0.40 eta 26.1 min
14:25:22 epoch 1 batch 1700/1819 soft-CE 1.7040 sigma 0.40 eta 24.8 min
14:26:36 epoch 1 batch 1800/1819 soft-CE 1.6936 sigma 0.40 eta 23.5 min
14:31:08 epoch 1 calib {"teacher": {"ce": 1.0092, "argmax_agreement": 0.74, "n": 1227}, "outcome": {"ce": 1.7415, "argmax_agreement": 0.2378, "n": 7763}}
14:32:23 epoch 2 batch 100/1819 soft-CE 1.6614 sigma 0.10 eta 25.7 min
14:33:38 epoch 2 batch 200/1819 soft-CE 1.7078 sigma 0.10 eta 24.1 min
14:34:53 epoch 2 batch 300/1819 soft-CE 1.6952 sigma 0.10 eta 22.4 min
14:36:07 epoch 2 batch 400/1819 soft-CE 1.6144 sigma 0.10 eta 20.8 min
14:37:22 epoch 2 batch 500/1819 soft-CE 1.6878 sigma 0.10 eta 19.2 min
14:38:37 epoch 2 batch 600/1819 soft-CE 1.6708 sigma 0.10 eta 17.6 min
14:39:52 epoch 2 batch 700/1819 soft-CE 1.6323 sigma 0.10 eta 16.1 min
14:41:05 epoch 2 batch 800/1819 soft-CE 1.6641 sigma 0.10 eta 14.6 min
14:42:20 epoch 2 batch 900/1819 soft-CE 1.6857 sigma 0.10 eta 13.1 min
14:43:35 epoch 2 batch 1000/1819 soft-CE 1.6679 sigma 0.10 eta 11.6 min
14:44:50 epoch 2 batch 1100/1819 soft-CE 1.6747 sigma 0.10 eta 10.1 min
14:46:04 epoch 2 batch 1200/1819 soft-CE 1.7009 sigma 0.10 eta 8.7 min
14:47:20 epoch 2 batch 1300/1819 soft-CE 1.7136 sigma 0.10 eta 7.3 min
14:48:36 epoch 2 batch 1400/1819 soft-CE 1.7104 sigma 0.10 eta 5.9 min
14:49:51 epoch 2 batch 1500/1819 soft-CE 1.6596 sigma 0.10 eta 4.4 min
14:51:06 epoch 2 batch 1600/1819 soft-CE 1.6518 sigma 0.10 eta 3.0 min
14:52:20 epoch 2 batch 1700/1819 soft-CE 1.6347 sigma 0.10 eta 1.6 min
14:53:35 epoch 2 batch 1800/1819 soft-CE 1.6958 sigma 0.10 eta 0.3 min
14:58:08 epoch 2 calib {"teacher": {"ce": 0.9785, "argmax_agreement": 0.7702, "n": 1227}, "outcome": {"ce": 1.7272, "argmax_agreement": 0.2781, "n": 7763}}
14:58:08 best epoch 2 (calib mean CE 1.6250)
15:02:27 temperatures {'choice': 1.0475151538848877, 'score': 0.8123840093612671, 'noul': 1.0} buckets {'choice:3-5': 1.1623603105545044, 'choice:6-10': 0.9570327997207642, 'score:3-5': 1.0000852346420288, 'score:6-10': 0.8054262399673462}
15:02:28 saved models\laya-bsjev-night
exit 0
