03:24:29 train items 7579 (dropped 0), calib 1472 (dropped 0), device cuda torch.bfloat16
03:24:29 sequence tokens: max 998, mean 785
03:24:29 trainable parameters 125.3M of 321.9M
03:25:51 epoch 1 batch 100/958 soft-CE 1.7610 sigma 0.20 eta 24.9 min
03:28:33 epoch 1 batch 200/958 soft-CE 1.7136 sigma 0.20 eta 34.9 min
03:31:21 epoch 1 batch 300/958 soft-CE 1.7636 sigma 0.20 eta 37.0 min
03:34:04 epoch 1 batch 400/958 soft-CE 1.7751 sigma 0.20 eta 36.3 min
03:36:43 epoch 1 batch 500/958 soft-CE 1.7015 sigma 0.20 eta 34.7 min
03:39:25 epoch 1 batch 600/958 soft-CE 1.6914 sigma 0.20 eta 32.8 min
03:42:07 epoch 1 batch 700/958 soft-CE 1.6918 sigma 0.20 eta 30.6 min
03:44:49 epoch 1 batch 800/958 soft-CE 1.6729 sigma 0.20 eta 28.4 min
03:47:25 epoch 1 batch 900/958 soft-CE 1.5720 sigma 0.20 eta 25.9 min
03:50:21 epoch 1 calib {"teacher": {"ce": 1.0241, "argmax_agreement": 0.7281, "n": 1052}, "outcome": {"ce": 1.9055, "argmax_agreement": 0.1738, "n": 420}}
03:53:03 epoch 2 batch 100/958 soft-CE 1.5814 sigma 0.10 eta 23.2 min
03:55:46 epoch 2 batch 200/958 soft-CE 1.5676 sigma 0.10 eta 20.5 min
03:58:23 epoch 2 batch 300/958 soft-CE 1.4483 sigma 0.10 eta 17.7 min
04:01:04 epoch 2 batch 400/958 soft-CE 1.4282 sigma 0.10 eta 15.0 min
04:03:46 epoch 2 batch 500/958 soft-CE 1.4320 sigma 0.10 eta 12.3 min
04:06:28 epoch 2 batch 600/958 soft-CE 1.3657 sigma 0.10 eta 9.6 min
04:09:05 epoch 2 batch 700/958 soft-CE 1.2698 sigma 0.10 eta 6.9 min
04:11:48 epoch 2 batch 800/958 soft-CE 1.2456 sigma 0.10 eta 4.3 min
04:14:29 epoch 2 batch 900/958 soft-CE 1.2148 sigma 0.10 eta 1.6 min
04:17:26 epoch 2 calib {"teacher": {"ce": 1.001, "argmax_agreement": 0.7519, "n": 1052}, "outcome": {"ce": 2.0725, "argmax_agreement": 0.2381, "n": 420}}
04:17:26 best epoch 1 (calib mean CE 1.2756)
04:18:51 temperatures {'choice': 1.0855830907821655, 'score': 1.3547601699829102, 'noul': 1.0} buckets {'choice:3-5': 1.2852954864501953, 'choice:6-10': 0.9653241634368896, 'score:3-5': 1.1084697246551514, 'score:6-10': 1.660995364189148}
04:18:54 saved models\laya-bsjev-v2
exit 0
