23:42:14 [INFO] JEV kayıtlı alış [SOL_TRY]: 1000.00 TL | karar=cfa58137-1710-411d-9b10-e2c32ee2adb7
23:42:14 [INFO] JEV kayıtlı fixture satış [SOL_TRY]: +3.19 TL | karar=768b415e-cd83-4dca-b7bd-518cb6bfaa0e
23:42:14 [INFO] JEV kayıtlı alış [SOL_TRY]: 1000.00 TL | karar=c46a074b-ebd7-4657-bed1-9384afdd3c14
23:42:14 [INFO] JEV kayıtlı fixture satış [SOL_TRY]: +2.62 TL | karar=4c7bed1d-9cab-4bea-ab93-52062b6ea34b
23:42:14 [INFO] JEV kayıtlı alış [SOL_TRY]: 1000.00 TL | karar=893fa8d5-d547-4e2b-bfc3-decc31c9a3c4
23:42:15 [INFO] JEV kayıtlı fixture satış [SOL_TRY]: +2.75 TL | karar=5a2952a6-687c-4b41-a3e8-13e133b64013
23:42:15 [INFO] JEV kayıtlı alış [SOL_TRY]: 1000.00 TL | karar=0faf78ca-febc-47bc-a5e7-5823cd43c924
23:42:15 [INFO] JEV kayıtlı fixture satış [SOL_TRY]: +3.10 TL | karar=5a776311-72d6-41ea-8af9-dd371b172921
23:42:15 [INFO] JEV kayıtlı alış [SOL_TRY]: 1000.00 TL | karar=72be014b-ef50-4805-a059-61e760eaad48
23:42:15 [INFO] JEV kayıtlı fixture satış [SOL_TRY]: +2.68 TL | karar=2f641dde-96bf-4a78-80ed-b94b0e00c416
23:42:15 [INFO] JEV kayıtlı alış [SOL_TRY]: 1000.00 TL | karar=a70ce5b9-e283-40b5-8097-52d7879f842c
23:42:15 [INFO] JEV kayıtlı fixture satış [SOL_TRY]: +3.41 TL | karar=69ce06f2-ec46-4730-98a1-32ba9f23273d
23:42:15 [INFO] JEV kayıtlı alış [SOL_TRY]: 1000.00 TL | karar=7932e961-fdf7-4d8e-8f4c-6d01c4827f0f
23:42:15 [INFO] JEV kayıtlı fixture satış [SOL_TRY]: +3.12 TL | karar=684939cd-b0c4-42c4-b7b7-baa773f0a3d0
23:42:15 [INFO] JEV kayıtlı alış [SOL_TRY]: 1000.00 TL | karar=a7190afb-8525-466f-b106-c91959891c6e
23:42:15 [INFO] JEV kayıtlı fixture satış [SOL_TRY]: +2.77 TL | karar=9deb70a7-c0df-40b8-b602-ce6debdad111
23:42:15 [INFO] JEV kayıtlı alış [SOL_TRY]: 1000.00 TL | karar=ade910a2-7020-463b-b53a-d8122fdd580f
23:42:15 [INFO] JEV kayıtlı fixture satış [SOL_TRY]: +2.91 TL | karar=08fa95e4-e805-45c3-a3cd-e9354774c59b
23:42:15 [INFO] JEV kayıtlı alış [SOL_TRY]: 1000.00 TL | karar=a6483b20-53af-4d44-afd4-ec42620597c1
23:42:16 [INFO] JEV kayıtlı fixture satış [SOL_TRY]: +2.86 TL | karar=864ab8eb-3df4-4420-ac0f-0588c270b070
{
  "run_id": "f6b6e832-d677-4173-b0d5-fcbf7fd94eea",
  "frames_processed": 150,
  "provider": "fixture-not-jev",
  "fixture_not_jev": true,
  "end_reason": "historical_data_end",
  "portfolio": {
    "initial_balance": 10000.0,
    "cash": 10029.42,
    "invested_value": 0,
    "estimated_exit_fees": 0.0,
    "equity_basis": "estimated_net_liquidation",
    "total_equity": 10029.42,
    "realized_pnl": 29.42,
    "unrealized_pnl": 0,
    "total_pnl": 29.42,
    "total_pnl_pct": 0.29,
    "open_positions_count": 0,
    "open_positions": [],
    "total_closed_trades": 10,
    "winning_trades": 10,
    "losing_trades": 0,
    "win_rate": 100.0,
    "closed_trades": [
      {
        "order_id": "04771ced",
        "position_id": "f05dc60c",
        "symbol": "SOL_TRY",
        "side": "SELL",
        "entry_price": 108.01057055612999,
        "exit_price": 108.536061191815,
        "quantity": 9.24909474004536,
        "gross_return": 1003.8603126744573,
        "net_return": 1002.8564523617829,
        "invested_cost": 1000.0,
        "total_fees": 2.0038603126744574,
        "net_pnl": 2.8564523617828854,
        "pnl_pct": 0.2856452361782886,
        "hold_time_seconds": 1200.0,
        "timestamp": 1770008940.0,
        "reason": "JEV_SELL",
        "is_win": true,
        "is_partial": false,
        "decision_id": "864ab8eb-3df4-4420-ac0f-0588c270b070",
        "decision_source": "fixture",
        "run_id": "f6b6e832-d677-4173-b0d5-fcbf7fd94eea"
      },
      {
        "order_id": "d9e75261",
        "position_id": "42013ab1",
        "symbol": "SOL_TRY",
        "side": "SELL",
        "entry_price": 107.25583730809498,
        "exit_price": 107.783735382895,
        "quantity": 9.314178370827019,
        "gross_return": 1003.9169368303035,
        "net_return": 1002.9130198934732,
        "invested_cost": 1000.0,
        "total_fees": 2.0039169368303034,
        "net_pnl": 2.9130198934732334,
        "pnl_pct": 0.2913019893473234,
        "hold_time_seconds": 300.0,
        "timestamp": 1770007680.0,
        "reason": "JEV_SELL",
        "is_win": true,
        "is_partial": false,
        "decision_id": "08fa95e4-e805-45c3-a3cd-e9354774c59b",
        "decision_source": "fixture",
        "run_id": "f6b6e832-d677-4173-b0d5-fcbf7fd94eea"
      },
      {
        "order_id": "c596f8fd",
        "position_id": "755565ea",
        "symbol": "SOL_TRY",
        "side": "SELL",
        "entry_price": 106.52316248375999,
        "exit_price": 107.03233861922001,
        "quantity": 9.378242034001786,
        "gross_return": 1003.7751770362819,
        "net_return": 1002.7714018592457,
        "invested_cost": 1000.0,
        "total_fees": 2.0037751770362817,
        "net_pnl": 2.771401859245657,
        "pnl_pct": 0.2771401859245657,
        "hold_time_seconds": 1200.0,
        "timestamp": 1770007320.0,
        "reason": "JEV_SELL",
        "is_win": true,
        "is_partial": false,
        "decision_id": "9deb70a7-c0df-40b8-b602-ce6debdad111",
        "decision_source": "fixture",
        "run_id": "f6b6e832-d677-4173-b0d5-fcbf7fd94eea"
      },
      {
        "order_id": "8e7da9a8",
        "position_id": "a5bf432d",
        "symbol": "SOL_TRY",
        "side": "SELL",
        "entry_price": 105.80533324850998,
        "exit_price": 106.34833641141002,
        "quantity": 9.441868092354111,
        "gross_return": 1004.1269642378331,
        "net_return": 1003.1228372735953,
        "invested_cost": 1000.0,
        "total_fees": 2.004126964237833,
        "net_pnl": 3.122837273595337,
        "pnl_pct": 0.3122837273595337,
        "hold_time_seconds": 360.0,
        "timestamp": 1770006060.0,
        "reason": "JEV_SELL",
        "is_win": true,
        "is_partial": false,
        "decision_id": "684939cd-b0c4-42c4-b7b7-baa773f0a3d0",
        "decision_source": "fixture",
        "run_id": "f6b6e832-d677-4173-b0d5-fcbf7fd94eea"
      },
      {
        "order_id": "00f8c9dd",
        "position_id": "1a7ebbdf",
        "symbol": "SOL_TRY",
        "side": "SELL",
        "entry_price": 105.00037838221499,
        "exit_price": 105.56985119873501,
        "quantity": 9.51425142834734,
        "gross_return": 1004.4181075579806,
        "net_return": 1003.4136894504227,
        "invested_cost": 1000.0,
        "total_fees": 2.0044181075579806,
        "net_pnl": 3.4136894504226802,
        "pnl_pct": 0.341368945042268,
        "hold_time_seconds": 360.0,
        "timestamp": 1770005640.0,
        "reason": "JEV_SELL",
        "is_win": true,
        "is_partial": false,
        "decision_id": "69ce06f2-ec46-4730-98a1-32ba9f23273d",
        "decision_source": "fixture",
        "run_id": "f6b6e832-d677-4173-b0d5-fcbf7fd94eea"
      },
      {
        "order_id": "ebf21ce6",
        "position_id": "42554470",
        "symbol": "SOL_TRY",
        "side": "SELL",
        "entry_price": 104.33127112577999,
        "exit_price": 104.82013293539,
        "quantity": 9.575269132833844,
        "gross_return": 1003.6809833957801,
        "net_return": 1002.6773024123844,
        "invested_cost": 1000.0,
        "total_fees": 2.00368098339578,
        "net_pnl": 2.6773024123843925,
        "pnl_pct": 0.26773024123843925,
        "hold_time_seconds": 1200.0,
        "timestamp": 1770005220.0,
        "reason": "JEV_SELL",
        "is_win": true,
        "is_partial": false,
        "decision_id": "2f641dde-96bf-4a78-80ed-b94b0e00c416",
        "decision_source": "fixture",
        "run_id": "f6b6e832-d677-4173-b0d5-fcbf7fd94eea"
      },
      {
        "order_id": "15e026da",
        "position_id": "a4d281db",
        "symbol": "SOL_TRY",
        "side": "SELL",
        "entry_price": 103.586387059875,
        "exit_price": 104.11514211713501,
        "quantity": 9.644124371502194,
        "gross_return": 1004.0993795342763,
        "net_return": 1003.095280154742,
        "invested_cost": 1000.0,
        "total_fees": 2.004099379534276,
        "net_pnl": 3.0952801547419995,
        "pnl_pct": 0.30952801547419995,
        "hold_time_seconds": 300.0,
        "timestamp": 1770003960.0,
        "reason": "JEV_SELL",
        "is_win": true,
        "is_partial": false,
        "decision_id": "5a776311-72d6-41ea-8af9-dd371b172921",
        "decision_source": "fixture",
        "run_id": "f6b6e832-d677-4173-b0d5-fcbf7fd94eea"
      },
      {
        "order_id": "08bbf69b",
        "position_id": "bdb09a2a",
        "symbol": "SOL_TRY",
        "side": "SELL",
        "entry_price": 102.87051917481,
        "exit_price": 103.36049338026001,
        "quantity": 9.711237077576897,
        "gross_return": 1003.7582556710224,
        "net_return": 1002.7544974153514,
        "invested_cost": 1000.0,
        "total_fees": 2.0037582556710225,
        "net_pnl": 2.754497415351352,
        "pnl_pct": 0.27544974153513524,
        "hold_time_seconds": 1080.0,
        "timestamp": 1770003600.0,
        "reason": "JEV_SELL",
        "is_win": true,
        "is_partial": false,
        "decision_id": "5a2952a6-687c-4b41-a3e8-13e133b64013",
        "decision_source": "fixture",
        "run_id": "f6b6e832-d677-4173-b0d5-fcbf7fd94eea"
      },
      {
        "order_id": "9bbf30d0",
        "position_id": "2bd54dca",
        "symbol": "SOL_TRY",
        "side": "SELL",
        "entry_price": 102.26404613983499,
        "exit_price": 102.737861062155,
        "quantity": 9.768829199599397,
        "gross_return": 1003.6286170483658,
        "net_return": 1002.6249884313174,
        "invested_cost": 1000.0,
        "total_fees": 2.0036286170483657,
        "net_pnl": 2.6249884313174334,
        "pnl_pct": 0.2624988431317434,
        "hold_time_seconds": 420.0,
        "timestamp": 1770002460.0,
        "reason": "JEV_SELL",
        "is_win": true,
        "is_partial": false,
        "decision_id": "4c7bed1d-9cab-4bea-ab93-52062b6ea34b",
        "decision_source": "fixture",
        "run_id": "f6b6e832-d677-4173-b0d5-fcbf7fd94eea"
      },
      {
        "order_id": "3f8fd73d",
        "position_id": "210294e5",
        "symbol": "SOL_TRY",
        "side": "SELL",
        "entry_price": 101.50978620834,
        "exit_price": 102.03799496026001,
        "quantity": 9.841415663605472,
        "gross_return": 1004.198321884799,
        "net_return": 1003.1941235629142,
        "invested_cost": 1000.0,
        "total_fees": 2.004198321884799,
        "net_pnl": 3.1941235629142284,
        "pnl_pct": 0.31941235629142284,
        "hold_time_seconds": 300.0,
        "timestamp": 1770001980.0,
        "reason": "JEV_SELL",
        "is_win": true,
        "is_partial": false,
        "decision_id": "768b415e-cd83-4dca-b7bd-518cb6bfaa0e",
        "decision_source": "fixture",
        "run_id": "f6b6e832-d677-4173-b0d5-fcbf7fd94eea"
      }
    ]
  },
  "journal": {
    "decision_requests": 310,
    "last_event": {
      "kind": "run_ended",
      "data_json": "{\"open_positions\":0,\"reason\":\"historical_data_end\"}",
      "event_time": 1770008940.0
    }
  },
  "database_path": "verification/jev_fix_20260926/fixture_replay.sqlite3"
}
