23:47:05 [INFO] JEV kayıtlı alış [SOL_TRY]: 1000.00 TL | karar=cb660402-2019-4d1d-a6b9-30fc55df5e30
23:47:05 [INFO] JEV kayıtlı fixture satış [SOL_TRY]: +3.19 TL | karar=44d7db50-54b0-4934-a481-a1ba1456566a
23:47:05 [INFO] JEV kayıtlı alış [SOL_TRY]: 1000.00 TL | karar=e63a4775-5b83-4ad3-bac7-295e78cd7f57
23:47:05 [INFO] JEV kayıtlı fixture satış [SOL_TRY]: +2.62 TL | karar=3986db71-9e0d-4cc9-b4be-54985058c976
23:47:05 [INFO] JEV kayıtlı alış [SOL_TRY]: 1000.00 TL | karar=f6aefdb7-f15f-46f0-8b17-0ff3b8bdaa14
23:47:05 [INFO] JEV kayıtlı fixture satış [SOL_TRY]: +2.75 TL | karar=b58fe910-00f7-44f7-bb22-aeff262a291f
23:47:05 [INFO] JEV kayıtlı alış [SOL_TRY]: 1000.00 TL | karar=e1fabc60-158a-43df-9814-f08680430de0
23:47:05 [INFO] JEV kayıtlı fixture satış [SOL_TRY]: +3.10 TL | karar=fbeed256-c133-476c-a12d-3f1011faa974
23:47:05 [INFO] JEV kayıtlı alış [SOL_TRY]: 1000.00 TL | karar=d5f9748b-70e4-4dc1-92bc-5503b75c5918
23:47:05 [INFO] JEV kayıtlı fixture satış [SOL_TRY]: +2.68 TL | karar=fb21630b-f2cd-47e4-af20-52ae99ff433d
23:47:05 [INFO] JEV kayıtlı alış [SOL_TRY]: 1000.00 TL | karar=0beeb558-5aeb-4d63-bee4-775bd6507e01
23:47:06 [INFO] JEV kayıtlı fixture satış [SOL_TRY]: +3.41 TL | karar=dddc0e9e-7437-4a85-9114-cf771e4dc0c0
23:47:06 [INFO] JEV kayıtlı alış [SOL_TRY]: 1000.00 TL | karar=8cedd21e-be32-448e-8b9f-3afc944158f8
23:47:06 [INFO] JEV kayıtlı fixture satış [SOL_TRY]: +3.12 TL | karar=50d7667f-6a2a-488f-ad11-80372d8e586d
23:47:06 [INFO] JEV kayıtlı alış [SOL_TRY]: 1000.00 TL | karar=d28a25e8-86dc-48ae-96ae-8b9ef36a39ac
23:47:06 [INFO] JEV kayıtlı fixture satış [SOL_TRY]: +2.77 TL | karar=51184254-d4df-403c-b8a4-3f9c226817b7
23:47:06 [INFO] JEV kayıtlı alış [SOL_TRY]: 1000.00 TL | karar=973030b8-4c24-4382-b301-54953a725c9b
23:47:06 [INFO] JEV kayıtlı fixture satış [SOL_TRY]: +2.91 TL | karar=7b29b253-bc72-4622-a15c-e836bc4de719
23:47:06 [INFO] JEV kayıtlı alış [SOL_TRY]: 1000.00 TL | karar=2cbbebce-12ee-41a3-ac2b-a4fe8608a64a
23:47:06 [INFO] JEV kayıtlı fixture satış [SOL_TRY]: +2.86 TL | karar=6bf0b99f-35af-45e1-9d98-c3b5a73a2158
{
  "run_id": "a880e35a-f523-4a9b-b5f7-48a24a0ac0a4",
  "frames_processed": 150,
  "provider": "fixture-not-jev",
  "fixture_not_jev": true,
  "end_reason": "historical_data_end",
  "portfolio": {
    "initial_balance": 10000.0,
    "cash": 10029.42,
    "invested_value": 0,
    "estimated_exit_fees": 0.0,
    "equity_basis": "estimated_net_liquidation",
    "total_equity": 10029.42,
    "realized_pnl": 29.42,
    "unrealized_pnl": 0,
    "total_pnl": 29.42,
    "total_pnl_pct": 0.29,
    "open_positions_count": 0,
    "open_positions": [],
    "total_closed_trades": 10,
    "winning_trades": 10,
    "losing_trades": 0,
    "win_rate": 100.0,
    "closed_trades": [
      {
        "order_id": "d1ed0183",
        "position_id": "5d6bca56",
        "symbol": "SOL_TRY",
        "side": "SELL",
        "entry_price": 108.01057055612999,
        "exit_price": 108.536061191815,
        "quantity": 9.24909474004536,
        "gross_return": 1003.8603126744573,
        "net_return": 1002.8564523617829,
        "invested_cost": 1000.0,
        "total_fees": 2.0038603126744574,
        "net_pnl": 2.8564523617828854,
        "pnl_pct": 0.2856452361782886,
        "hold_time_seconds": 1200.0,
        "timestamp": 1770008940.0,
        "reason": "JEV_SELL",
        "is_win": true,
        "is_partial": false,
        "decision_id": "6bf0b99f-35af-45e1-9d98-c3b5a73a2158",
        "decision_source": "fixture",
        "run_id": "a880e35a-f523-4a9b-b5f7-48a24a0ac0a4"
      },
      {
        "order_id": "7f65d044",
        "position_id": "d6b14750",
        "symbol": "SOL_TRY",
        "side": "SELL",
        "entry_price": 107.25583730809498,
        "exit_price": 107.783735382895,
        "quantity": 9.314178370827019,
        "gross_return": 1003.9169368303035,
        "net_return": 1002.9130198934732,
        "invested_cost": 1000.0,
        "total_fees": 2.0039169368303034,
        "net_pnl": 2.9130198934732334,
        "pnl_pct": 0.2913019893473234,
        "hold_time_seconds": 300.0,
        "timestamp": 1770007680.0,
        "reason": "JEV_SELL",
        "is_win": true,
        "is_partial": false,
        "decision_id": "7b29b253-bc72-4622-a15c-e836bc4de719",
        "decision_source": "fixture",
        "run_id": "a880e35a-f523-4a9b-b5f7-48a24a0ac0a4"
      },
      {
        "order_id": "6f733ab6",
        "position_id": "498c6e34",
        "symbol": "SOL_TRY",
        "side": "SELL",
        "entry_price": 106.52316248375999,
        "exit_price": 107.03233861922001,
        "quantity": 9.378242034001786,
        "gross_return": 1003.7751770362819,
        "net_return": 1002.7714018592457,
        "invested_cost": 1000.0,
        "total_fees": 2.0037751770362817,
        "net_pnl": 2.771401859245657,
        "pnl_pct": 0.2771401859245657,
        "hold_time_seconds": 1200.0,
        "timestamp": 1770007320.0,
        "reason": "JEV_SELL",
        "is_win": true,
        "is_partial": false,
        "decision_id": "51184254-d4df-403c-b8a4-3f9c226817b7",
        "decision_source": "fixture",
        "run_id": "a880e35a-f523-4a9b-b5f7-48a24a0ac0a4"
      },
      {
        "order_id": "01b071a1",
        "position_id": "6bac4943",
        "symbol": "SOL_TRY",
        "side": "SELL",
        "entry_price": 105.80533324850998,
        "exit_price": 106.34833641141002,
        "quantity": 9.441868092354111,
        "gross_return": 1004.1269642378331,
        "net_return": 1003.1228372735953,
        "invested_cost": 1000.0,
        "total_fees": 2.004126964237833,
        "net_pnl": 3.122837273595337,
        "pnl_pct": 0.3122837273595337,
        "hold_time_seconds": 360.0,
        "timestamp": 1770006060.0,
        "reason": "JEV_SELL",
        "is_win": true,
        "is_partial": false,
        "decision_id": "50d7667f-6a2a-488f-ad11-80372d8e586d",
        "decision_source": "fixture",
        "run_id": "a880e35a-f523-4a9b-b5f7-48a24a0ac0a4"
      },
      {
        "order_id": "f43500fe",
        "position_id": "ab359135",
        "symbol": "SOL_TRY",
        "side": "SELL",
        "entry_price": 105.00037838221499,
        "exit_price": 105.56985119873501,
        "quantity": 9.51425142834734,
        "gross_return": 1004.4181075579806,
        "net_return": 1003.4136894504227,
        "invested_cost": 1000.0,
        "total_fees": 2.0044181075579806,
        "net_pnl": 3.4136894504226802,
        "pnl_pct": 0.341368945042268,
        "hold_time_seconds": 360.0,
        "timestamp": 1770005640.0,
        "reason": "JEV_SELL",
        "is_win": true,
        "is_partial": false,
        "decision_id": "dddc0e9e-7437-4a85-9114-cf771e4dc0c0",
        "decision_source": "fixture",
        "run_id": "a880e35a-f523-4a9b-b5f7-48a24a0ac0a4"
      },
      {
        "order_id": "c1ab799d",
        "position_id": "2c420147",
        "symbol": "SOL_TRY",
        "side": "SELL",
        "entry_price": 104.33127112577999,
        "exit_price": 104.82013293539,
        "quantity": 9.575269132833844,
        "gross_return": 1003.6809833957801,
        "net_return": 1002.6773024123844,
        "invested_cost": 1000.0,
        "total_fees": 2.00368098339578,
        "net_pnl": 2.6773024123843925,
        "pnl_pct": 0.26773024123843925,
        "hold_time_seconds": 1200.0,
        "timestamp": 1770005220.0,
        "reason": "JEV_SELL",
        "is_win": true,
        "is_partial": false,
        "decision_id": "fb21630b-f2cd-47e4-af20-52ae99ff433d",
        "decision_source": "fixture",
        "run_id": "a880e35a-f523-4a9b-b5f7-48a24a0ac0a4"
      },
      {
        "order_id": "da3bb500",
        "position_id": "e862f228",
        "symbol": "SOL_TRY",
        "side": "SELL",
        "entry_price": 103.586387059875,
        "exit_price": 104.11514211713501,
        "quantity": 9.644124371502194,
        "gross_return": 1004.0993795342763,
        "net_return": 1003.095280154742,
        "invested_cost": 1000.0,
        "total_fees": 2.004099379534276,
        "net_pnl": 3.0952801547419995,
        "pnl_pct": 0.30952801547419995,
        "hold_time_seconds": 300.0,
        "timestamp": 1770003960.0,
        "reason": "JEV_SELL",
        "is_win": true,
        "is_partial": false,
        "decision_id": "fbeed256-c133-476c-a12d-3f1011faa974",
        "decision_source": "fixture",
        "run_id": "a880e35a-f523-4a9b-b5f7-48a24a0ac0a4"
      },
      {
        "order_id": "10ddf5bb",
        "position_id": "f6fc7c7a",
        "symbol": "SOL_TRY",
        "side": "SELL",
        "entry_price": 102.87051917481,
        "exit_price": 103.36049338026001,
        "quantity": 9.711237077576897,
        "gross_return": 1003.7582556710224,
        "net_return": 1002.7544974153514,
        "invested_cost": 1000.0,
        "total_fees": 2.0037582556710225,
        "net_pnl": 2.754497415351352,
        "pnl_pct": 0.27544974153513524,
        "hold_time_seconds": 1080.0,
        "timestamp": 1770003600.0,
        "reason": "JEV_SELL",
        "is_win": true,
        "is_partial": false,
        "decision_id": "b58fe910-00f7-44f7-bb22-aeff262a291f",
        "decision_source": "fixture",
        "run_id": "a880e35a-f523-4a9b-b5f7-48a24a0ac0a4"
      },
      {
        "order_id": "f34473f0",
        "position_id": "c132ebb3",
        "symbol": "SOL_TRY",
        "side": "SELL",
        "entry_price": 102.26404613983499,
        "exit_price": 102.737861062155,
        "quantity": 9.768829199599397,
        "gross_return": 1003.6286170483658,
        "net_return": 1002.6249884313174,
        "invested_cost": 1000.0,
        "total_fees": 2.0036286170483657,
        "net_pnl": 2.6249884313174334,
        "pnl_pct": 0.2624988431317434,
        "hold_time_seconds": 420.0,
        "timestamp": 1770002460.0,
        "reason": "JEV_SELL",
        "is_win": true,
        "is_partial": false,
        "decision_id": "3986db71-9e0d-4cc9-b4be-54985058c976",
        "decision_source": "fixture",
        "run_id": "a880e35a-f523-4a9b-b5f7-48a24a0ac0a4"
      },
      {
        "order_id": "a41f1df6",
        "position_id": "7e3a5e02",
        "symbol": "SOL_TRY",
        "side": "SELL",
        "entry_price": 101.50978620834,
        "exit_price": 102.03799496026001,
        "quantity": 9.841415663605472,
        "gross_return": 1004.198321884799,
        "net_return": 1003.1941235629142,
        "invested_cost": 1000.0,
        "total_fees": 2.004198321884799,
        "net_pnl": 3.1941235629142284,
        "pnl_pct": 0.31941235629142284,
        "hold_time_seconds": 300.0,
        "timestamp": 1770001980.0,
        "reason": "JEV_SELL",
        "is_win": true,
        "is_partial": false,
        "decision_id": "44d7db50-54b0-4934-a481-a1ba1456566a",
        "decision_source": "fixture",
        "run_id": "a880e35a-f523-4a9b-b5f7-48a24a0ac0a4"
      }
    ]
  },
  "journal": {
    "decision_requests": 310,
    "last_event": {
      "kind": "run_ended",
      "data_json": "{\"open_positions\":0,\"reason\":\"historical_data_end\"}",
      "event_time": 1770008940.0
    }
  },
  "database_path": "verification/jev_fix_20260926/fixture_final.sqlite3"
}
